{
  "version": "1.5.0",
  "plugins_used": [
    {
      "name": "ArtifactoryDetector"
    },
    {
      "name": "AWSKeyDetector"
    },
    {
      "name": "AzureStorageKeyDetector"
    },
    {
      "name": "Base64HighEntropyString",
      "limit": 4.5
    },
    {
      "name": "BasicAuthDetector"
    },
    {
      "name": "CloudantDetector"
    },
    {
      "name": "DiscordBotTokenDetector"
    },
    {
      "name": "GitHubTokenDetector"
    },
    {
      "name": "GitLabTokenDetector"
    },
    {
      "name": "HexHighEntropyString",
      "limit": 3.0
    },
    {
      "name": "IbmCloudIamDetector"
    },
    {
      "name": "IbmCosHmacDetector"
    },
    {
      "name": "IPPublicDetector"
    },
    {
      "name": "JwtTokenDetector"
    },
    {
      "name": "KeywordDetector",
      "keyword_exclude": ""
    },
    {
      "name": "MailchimpDetector"
    },
    {
      "name": "NpmDetector"
    },
    {
      "name": "OpenAIDetector"
    },
    {
      "name": "PrivateKeyDetector"
    },
    {
      "name": "PypiTokenDetector"
    },
    {
      "name": "SendGridDetector"
    },
    {
      "name": "SlackDetector"
    },
    {
      "name": "SoftlayerDetector"
    },
    {
      "name": "SquareOAuthDetector"
    },
    {
      "name": "StripeDetector"
    },
    {
      "name": "TelegramBotTokenDetector"
    },
    {
      "name": "TwilioKeyDetector"
    }
  ],
  "filters_used": [
    {
      "path": "detect_secrets.filters.allowlist.is_line_allowlisted"
    },
    {
      "path": "detect_secrets.filters.heuristic.is_indirect_reference"
    },
    {
      "path": "detect_secrets.filters.heuristic.is_likely_id_string"
    },
    {
      "path": "detect_secrets.filters.heuristic.is_lock_file"
    },
    {
      "path": "detect_secrets.filters.heuristic.is_not_alphanumeric_string"
    },
    {
      "path": "detect_secrets.filters.heuristic.is_potential_uuid"
    },
    {
      "path": "detect_secrets.filters.heuristic.is_prefixed_with_dollar_sign"
    },
    {
      "path": "detect_secrets.filters.heuristic.is_sequential_string"
    },
    {
      "path": "detect_secrets.filters.heuristic.is_swagger_file"
    },
    {
      "path": "detect_secrets.filters.heuristic.is_templated_secret"
    }
  ],
  "results": {
    "tests\\test_connectors.py": [
      {
        "type": "Secret Keyword",
        "filename": "tests\\test_connectors.py",
        "hashed_secret": "2989436d0b62a9cf0b1f1ff816db8145d149bc88",
        "is_verified": false,
        "line_number": 24,
        "is_secret": false
      }
    ],
    "tests\\test_local_stack.py": [
      {
        "type": "Secret Keyword",
        "filename": "tests\\test_local_stack.py",
        "hashed_secret": "f122bb0d1bf65ebfb82d3d53dd037ae65f3b8acf",
        "is_verified": false,
        "line_number": 216,
        "is_secret": false
      }
    ],
    "tests\\test_web_app.py": [
      {
        "type": "Secret Keyword",
        "filename": "tests\\test_web_app.py",
        "hashed_secret": "edf38d174837919ebd08f9b28f3deabef300e033",
        "is_verified": false,
        "line_number": 53,
        "is_secret": false
      },
      {
        "type": "Secret Keyword",
        "filename": "tests\\test_web_app.py",
        "hashed_secret": "2989436d0b62a9cf0b1f1ff816db8145d149bc88",
        "is_verified": false,
        "line_number": 954,
        "is_secret": false
      },
      {
        "type": "Secret Keyword",
        "filename": "tests\\test_web_app.py",
        "hashed_secret": "a5da0a9d2081b7e10d1583d9456dce184aea8d05",
        "is_verified": false,
        "line_number": 1308,
        "is_secret": false
      }
    ]
  },
  "generated_at": "2026-08-03T15:14:58Z"
}
