{
  "filters_used": [
    {
      "path": "detect_secrets.filters.allowlist.is_line_allowlisted"
    },
    {
      "path": "detect_secrets.filters.heuristic.is_indirect_reference"
    },
    {
      "path": "detect_secrets.filters.heuristic.is_likely_id_string"
    },
    {
      "path": "detect_secrets.filters.heuristic.is_lock_file"
    },
    {
      "path": "detect_secrets.filters.heuristic.is_not_alphanumeric_string"
    },
    {
      "path": "detect_secrets.filters.heuristic.is_potential_uuid"
    },
    {
      "path": "detect_secrets.filters.heuristic.is_prefixed_with_dollar_sign"
    },
    {
      "path": "detect_secrets.filters.heuristic.is_sequential_string"
    },
    {
      "path": "detect_secrets.filters.heuristic.is_swagger_file"
    },
    {
      "path": "detect_secrets.filters.heuristic.is_templated_secret"
    },
    {
      "path": "detect_secrets.filters.regex.should_exclude_file",
      "pattern": [
        "(^|[\\\\/])\\.secrets\\.baseline$"
      ]
    }
  ],
  "generated_at": "2026-09-16T08:35:38Z",
  "plugins_used": [
    {
      "name": "ArtifactoryDetector"
    },
    {
      "name": "AWSKeyDetector"
    },
    {
      "name": "AzureStorageKeyDetector"
    },
    {
      "limit": 4.5,
      "name": "Base64HighEntropyString"
    },
    {
      "name": "BasicAuthDetector"
    },
    {
      "name": "CloudantDetector"
    },
    {
      "name": "DiscordBotTokenDetector"
    },
    {
      "name": "GitHubTokenDetector"
    },
    {
      "name": "GitLabTokenDetector"
    },
    {
      "limit": 3.0,
      "name": "HexHighEntropyString"
    },
    {
      "name": "IbmCloudIamDetector"
    },
    {
      "name": "IbmCosHmacDetector"
    },
    {
      "name": "IPPublicDetector"
    },
    {
      "name": "JwtTokenDetector"
    },
    {
      "keyword_exclude": "",
      "name": "KeywordDetector"
    },
    {
      "name": "MailchimpDetector"
    },
    {
      "name": "NpmDetector"
    },
    {
      "name": "OpenAIDetector"
    },
    {
      "name": "PrivateKeyDetector"
    },
    {
      "name": "PypiTokenDetector"
    },
    {
      "name": "SendGridDetector"
    },
    {
      "name": "SlackDetector"
    },
    {
      "name": "SoftlayerDetector"
    },
    {
      "name": "SquareOAuthDetector"
    },
    {
      "name": "StripeDetector"
    },
    {
      "name": "TelegramBotTokenDetector"
    },
    {
      "name": "TwilioKeyDetector"
    }
  ],
  "results": {
    "docs\\testing\\odoo-compatibility-phase1.json": [
      {
        "filename": "docs\\testing\\odoo-compatibility-phase1.json",
        "hashed_secret": "4a1da60f6d44fa5d40e61f7dabe62c8481f62ff5",
        "is_secret": false,
        "is_verified": false,
        "line_number": 96,
        "type": "Hex High Entropy String"
      },
      {
        "filename": "docs\\testing\\odoo-compatibility-phase1.json",
        "hashed_secret": "21fc4afa117ec83c66f31bc379b8130220b88b62",
        "is_secret": false,
        "is_verified": false,
        "line_number": 185,
        "type": "Hex High Entropy String"
      },
      {
        "filename": "docs\\testing\\odoo-compatibility-phase1.json",
        "hashed_secret": "39ad7af5a084227fd46cc69a5ba3cd0eb8f115f5",
        "is_secret": false,
        "is_verified": false,
        "line_number": 274,
        "type": "Hex High Entropy String"
      },
      {
        "filename": "docs\\testing\\odoo-compatibility-phase1.json",
        "hashed_secret": "9d79bd3278cbcae24475a26e92d8129bb89a4258",
        "is_secret": false,
        "is_verified": false,
        "line_number": 289,
        "type": "Hex High Entropy String"
      },
      {
        "filename": "docs\\testing\\odoo-compatibility-phase1.json",
        "hashed_secret": "1037358ff40ace3483c15f60cb36f4755c63085d",
        "is_secret": false,
        "is_verified": false,
        "line_number": 294,
        "type": "Hex High Entropy String"
      },
      {
        "filename": "docs\\testing\\odoo-compatibility-phase1.json",
        "hashed_secret": "f3ca9d22ab7c83423195a5365eadbdff55b62aec",
        "is_secret": false,
        "is_verified": false,
        "line_number": 307,
        "type": "Hex High Entropy String"
      },
      {
        "filename": "docs\\testing\\odoo-compatibility-phase1.json",
        "hashed_secret": "7d2e54677e5d91efa1321ff952cb42aec8d622f2",
        "is_secret": false,
        "is_verified": false,
        "line_number": 363,
        "type": "Hex High Entropy String"
      },
      {
        "filename": "docs\\testing\\odoo-compatibility-phase1.json",
        "hashed_secret": "a8cfcf7ca993769d936479891f43ac0d092ad556",
        "is_secret": false,
        "is_verified": false,
        "line_number": 364,
        "type": "Hex High Entropy String"
      },
      {
        "filename": "docs\\testing\\odoo-compatibility-phase1.json",
        "hashed_secret": "763206630222815c1f0e36c09f7bf8916e596741",
        "is_secret": false,
        "is_verified": false,
        "line_number": 368,
        "type": "Hex High Entropy String"
      },
      {
        "filename": "docs\\testing\\odoo-compatibility-phase1.json",
        "hashed_secret": "57f487b66fe7114501d34f905f800df577c10600",
        "is_secret": false,
        "is_verified": false,
        "line_number": 381,
        "type": "Hex High Entropy String"
      },
      {
        "filename": "docs\\testing\\odoo-compatibility-phase1.json",
        "hashed_secret": "dfdb68e0566b24c2e1331074bed45c73166ef0a8",
        "is_secret": false,
        "is_verified": false,
        "line_number": 442,
        "type": "Hex High Entropy String"
      },
      {
        "filename": "docs\\testing\\odoo-compatibility-phase1.json",
        "hashed_secret": "87fba3bfbb940570586a8bff42311121c9c48f73",
        "is_secret": false,
        "is_verified": false,
        "line_number": 443,
        "type": "Hex High Entropy String"
      }
    ],
    "fixtures\\odoo-compatibility\\lab-targets.json": [
      {
        "filename": "fixtures\\odoo-compatibility\\lab-targets.json",
        "hashed_secret": "1037358ff40ace3483c15f60cb36f4755c63085d",
        "is_secret": false,
        "is_verified": false,
        "line_number": 6,
        "type": "Hex High Entropy String"
      },
      {
        "filename": "fixtures\\odoo-compatibility\\lab-targets.json",
        "hashed_secret": "763206630222815c1f0e36c09f7bf8916e596741",
        "is_secret": false,
        "is_verified": false,
        "line_number": 15,
        "type": "Hex High Entropy String"
      }
    ],
    "fixtures\\odoo-compatibility\\odoo19-baseline.json": [
      {
        "filename": "fixtures\\odoo-compatibility\\odoo19-baseline.json",
        "hashed_secret": "9d79bd3278cbcae24475a26e92d8129bb89a4258",
        "is_secret": false,
        "is_verified": false,
        "line_number": 4,
        "type": "Hex High Entropy String"
      },
      {
        "filename": "fixtures\\odoo-compatibility\\odoo19-baseline.json",
        "hashed_secret": "2620fb632293f95e3ae2fc89529d7c55599ce379",
        "is_secret": false,
        "is_verified": false,
        "line_number": 9,
        "type": "Hex High Entropy String"
      }
    ],
    "scripts\\benchmark_workspace_summary.py": [
      {
        "filename": "scripts\\benchmark_workspace_summary.py",
        "hashed_secret": "12d233638a7d193cbbb0ff2ec0c951a459c42d19",
        "is_secret": false,
        "is_verified": false,
        "line_number": 64,
        "type": "Secret Keyword"
      }
    ],
    "scripts\\qualify_transformation_scale.py": [
      {
        "filename": "scripts\\qualify_transformation_scale.py",
        "hashed_secret": "af511bbb186cb216bada45daf33d7aa8b4933eeb",
        "is_secret": false,
        "is_verified": false,
        "line_number": 29,
        "type": "Hex High Entropy String"
      }
    ],
    "tests\\application\\cutover\\test_qualification.py": [
      {
        "filename": "tests\\application\\cutover\\test_qualification.py",
        "hashed_secret": "e4cca75a044b2d68daa0673d8c3d53505a030e1e",
        "is_secret": false,
        "is_verified": false,
        "line_number": 329,
        "type": "Secret Keyword"
      }
    ],
    "tests\\application\\project\\test_authoring.py": [
      {
        "filename": "tests\\application\\project\\test_authoring.py",
        "hashed_secret": "1b45ff334bf51268bc2fe44faa4235c6feb3fc06",
        "is_secret": false,
        "is_verified": false,
        "line_number": 681,
        "type": "Secret Keyword"
      },
      {
        "filename": "tests\\application\\project\\test_authoring.py",
        "hashed_secret": "6c3523303f8200903bab6f1cfb8f95d1c89e02d0",
        "is_secret": false,
        "is_verified": false,
        "line_number": 774,
        "type": "Secret Keyword"
      }
    ],
    "tests\\application\\run\\test_integrated_recipe_runs.py": [
      {
        "filename": "tests\\application\\run\\test_integrated_recipe_runs.py",
        "hashed_secret": "4e7ae73516b2d402da8da815d441992c981609bc",
        "is_secret": false,
        "is_verified": false,
        "line_number": 2550,
        "type": "Secret Keyword"
      },
      {
        "filename": "tests\\application\\run\\test_integrated_recipe_runs.py",
        "hashed_secret": "c9a91acef08f4cef0312f2d7fde231cc549ec7b5",
        "is_secret": false,
        "is_verified": false,
        "line_number": 2581,
        "type": "Secret Keyword"
      },
      {
        "filename": "tests\\application\\run\\test_integrated_recipe_runs.py",
        "hashed_secret": "fcbdc4c271c889825d8338d2d8f10b6e5e95c171",
        "is_secret": false,
        "is_verified": false,
        "line_number": 2582,
        "type": "Secret Keyword"
      },
      {
        "filename": "tests\\application\\run\\test_integrated_recipe_runs.py",
        "hashed_secret": "6878cd81a533ae2df5db0964e70c19135f91596f",
        "is_secret": false,
        "is_verified": false,
        "line_number": 3237,
        "type": "Secret Keyword"
      },
      {
        "filename": "tests\\application\\run\\test_integrated_recipe_runs.py",
        "hashed_secret": "4d2afec63ee98bcc3538c2d377b59b41015a6fed",
        "is_secret": false,
        "is_verified": false,
        "line_number": 3707,
        "type": "Secret Keyword"
      },
      {
        "filename": "tests\\application\\run\\test_integrated_recipe_runs.py",
        "hashed_secret": "ac540dad811ab87bc553a1855e7ec0f921b3605a",
        "is_secret": false,
        "is_verified": false,
        "line_number": 3733,
        "type": "Secret Keyword"
      }
    ],
    "tests\\application\\run\\test_production_rollout.py": [
      {
        "filename": "tests\\application\\run\\test_production_rollout.py",
        "hashed_secret": "115c9ae8b5f43ea13b417a298b38ebff0628cd53",
        "is_secret": false,
        "is_verified": false,
        "line_number": 330,
        "type": "Secret Keyword"
      }
    ],
    "tests\\application\\workspace\\execution\\test_reconciliation.py": [
      {
        "filename": "tests\\application\\workspace\\execution\\test_reconciliation.py",
        "hashed_secret": "e5e9fa1ba31ecd1ae84f75caaa474f3a663f05f4",
        "is_secret": false,
        "is_verified": false,
        "line_number": 992,
        "type": "Secret Keyword"
      }
    ],
    "tests\\application\\workspace\\execution\\test_service.py": [
      {
        "filename": "tests\\application\\workspace\\execution\\test_service.py",
        "hashed_secret": "e5e9fa1ba31ecd1ae84f75caaa474f3a663f05f4",
        "is_secret": false,
        "is_verified": false,
        "line_number": 3220,
        "type": "Secret Keyword"
      }
    ],
    "tests\\application\\workspace\\test_destination_matching.py": [
      {
        "filename": "tests\\application\\workspace\\test_destination_matching.py",
        "hashed_secret": "04f1d4632c860948c66fac6c3c4481e08a390153",
        "is_secret": false,
        "is_verified": false,
        "line_number": 77,
        "type": "Secret Keyword"
      }
    ],
    "tests\\application\\workspace\\test_transfer_execution.py": [
      {
        "filename": "tests\\application\\workspace\\test_transfer_execution.py",
        "hashed_secret": "04f1d4632c860948c66fac6c3c4481e08a390153",
        "is_secret": false,
        "is_verified": false,
        "line_number": 137,
        "type": "Secret Keyword"
      }
    ],
    "tests\\architecture\\phase0_baseline.json": [
      {
        "filename": "tests\\architecture\\phase0_baseline.json",
        "hashed_secret": "1401e9fe50b44d212b37c0e5eb1504ba71c8502d",
        "is_secret": false,
        "is_verified": false,
        "line_number": 4,
        "type": "Hex High Entropy String"
      },
      {
        "filename": "tests\\architecture\\phase0_baseline.json",
        "hashed_secret": "7a2898f13d6df5bbd53b636238adf325dc498718",
        "is_secret": false,
        "is_verified": false,
        "line_number": 6,
        "type": "Hex High Entropy String"
      }
    ],
    "tests\\architecture\\test_internal_release.py": [
      {
        "filename": "tests\\architecture\\test_internal_release.py",
        "hashed_secret": "6367c48dd193d56ea7b0baad25b19455e529f5ee",
        "is_secret": false,
        "is_verified": false,
        "line_number": 70,
        "type": "Secret Keyword"
      },
      {
        "filename": "tests\\architecture\\test_internal_release.py",
        "hashed_secret": "9bda2632f1c8dbc2ee623c94bd2611bf2fc85fc4",
        "is_secret": false,
        "is_verified": false,
        "line_number": 88,
        "type": "Secret Keyword"
      }
    ],
    "tests\\domain\\preparation\\test_prepared_snapshot.py": [
      {
        "filename": "tests\\domain\\preparation\\test_prepared_snapshot.py",
        "hashed_secret": "62e9fd5c98cf33316189f71e402a1259cb4a9776",
        "is_secret": false,
        "is_verified": false,
        "line_number": 56,
        "type": "Hex High Entropy String"
      }
    ],
    "tests\\e2e\\test_project_setup_journey.py": [
      {
        "filename": "tests\\e2e\\test_project_setup_journey.py",
        "hashed_secret": "2989436d0b62a9cf0b1f1ff816db8145d149bc88",
        "is_secret": false,
        "is_verified": false,
        "line_number": 298,
        "type": "Secret Keyword"
      },
      {
        "filename": "tests\\e2e\\test_project_setup_journey.py",
        "hashed_secret": "512b851fc574f55ba75738e9d5dee3de1e717f69",
        "is_secret": false,
        "is_verified": false,
        "line_number": 1725,
        "type": "Secret Keyword"
      }
    ],
    "tests\\integration\\duckdb\\test_forward_upgrades.py": [
      {
        "filename": "tests\\integration\\duckdb\\test_forward_upgrades.py",
        "hashed_secret": "d8c238e6d65303214b07dde55b83af9a29027de9",
        "is_secret": false,
        "is_verified": false,
        "line_number": 233,
        "type": "Hex High Entropy String"
      },
      {
        "filename": "tests\\integration\\duckdb\\test_forward_upgrades.py",
        "hashed_secret": "b5beccb55eededaf567bf5405e0cfd1bc262bd08",
        "is_secret": false,
        "is_verified": false,
        "line_number": 297,
        "type": "Hex High Entropy String"
      },
      {
        "filename": "tests\\integration\\duckdb\\test_forward_upgrades.py",
        "hashed_secret": "2c6eb59aaf6111fc1037df953379b22ccf2ec440",
        "is_secret": false,
        "is_verified": false,
        "line_number": 329,
        "type": "Hex High Entropy String"
      },
      {
        "filename": "tests\\integration\\duckdb\\test_forward_upgrades.py",
        "hashed_secret": "dbff5d45094580a027e470874b199837a6ef59f4",
        "is_secret": false,
        "is_verified": false,
        "line_number": 358,
        "type": "Hex High Entropy String"
      }
    ],
    "tests\\integration\\duckdb\\test_incompatible_storage.py": [
      {
        "filename": "tests\\integration\\duckdb\\test_incompatible_storage.py",
        "hashed_secret": "0c56ca74291b6edfdfcf00d13af71e615481865d",
        "is_secret": false,
        "is_verified": false,
        "line_number": 193,
        "type": "Secret Keyword"
      }
    ],
    "tests\\integration\\odoo\\test_connectors.py": [
      {
        "filename": "tests\\integration\\odoo\\test_connectors.py",
        "hashed_secret": "2989436d0b62a9cf0b1f1ff816db8145d149bc88",
        "is_secret": false,
        "is_verified": false,
        "line_number": 63,
        "type": "Secret Keyword"
      },
      {
        "filename": "tests\\integration\\odoo\\test_connectors.py",
        "hashed_secret": "e575d0c7d228ae44b2b8e3dd28fe35206d1b6b02",
        "is_secret": false,
        "is_verified": false,
        "line_number": 194,
        "type": "Secret Keyword"
      },
      {
        "filename": "tests\\integration\\odoo\\test_connectors.py",
        "hashed_secret": "d40e979af87973f2570323d1812dac8849495968",
        "is_secret": false,
        "is_verified": false,
        "line_number": 331,
        "type": "Secret Keyword"
      }
    ],
    "tests\\integration\\odoo\\test_local_stack.py": [
      {
        "filename": "tests\\integration\\odoo\\test_local_stack.py",
        "hashed_secret": "f122bb0d1bf65ebfb82d3d53dd037ae65f3b8acf",
        "is_secret": false,
        "is_verified": false,
        "line_number": 269,
        "type": "Secret Keyword"
      }
    ],
    "tests\\integration\\odoo\\test_readback_retries.py": [
      {
        "filename": "tests\\integration\\odoo\\test_readback_retries.py",
        "hashed_secret": "e5e9fa1ba31ecd1ae84f75caaa474f3a663f05f4",
        "is_secret": false,
        "is_verified": false,
        "line_number": 26,
        "type": "Secret Keyword"
      }
    ],
    "tests\\integration\\odoo\\test_source_capture.py": [
      {
        "filename": "tests\\integration\\odoo\\test_source_capture.py",
        "hashed_secret": "e5e9fa1ba31ecd1ae84f75caaa474f3a663f05f4",
        "is_secret": false,
        "is_verified": false,
        "line_number": 426,
        "type": "Secret Keyword"
      }
    ],
    "tests\\integration\\scenarios\\test_profile_round_trip.py": [
      {
        "filename": "tests\\integration\\scenarios\\test_profile_round_trip.py",
        "hashed_secret": "7b2abd432747d6ecede1b50e0d6c80f95ece026f",
        "is_secret": false,
        "is_verified": false,
        "line_number": 109,
        "type": "Secret Keyword"
      }
    ],
    "tests\\integration\\web\\test_concept_help.py": [
      {
        "filename": "tests\\integration\\web\\test_concept_help.py",
        "hashed_secret": "0e7944a75b7b1e371ac053d53eb4a49e9d144361",
        "is_secret": false,
        "is_verified": false,
        "line_number": 69,
        "type": "Secret Keyword"
      }
    ],
    "tests\\integration\\web\\test_database_busy_recovery.py": [
      {
        "filename": "tests\\integration\\web\\test_database_busy_recovery.py",
        "hashed_secret": "a309dae1ed6c35f73bc8b4ea7302b1c9470c122d",
        "is_secret": false,
        "is_verified": false,
        "line_number": 37,
        "type": "Secret Keyword"
      }
    ],
    "tests\\integration\\web\\test_diagnostics.py": [
      {
        "filename": "tests\\integration\\web\\test_diagnostics.py",
        "hashed_secret": "1ff4fe3f21f1ad3102a887b49c42a9bdc126b1af",
        "is_secret": false,
        "is_verified": false,
        "line_number": 619,
        "type": "Secret Keyword"
      },
      {
        "filename": "tests\\integration\\web\\test_diagnostics.py",
        "hashed_secret": "2127380b8717487ec358005ee6668d5b68b2f2d0",
        "is_secret": false,
        "is_verified": false,
        "line_number": 659,
        "type": "Secret Keyword"
      },
      {
        "filename": "tests\\integration\\web\\test_diagnostics.py",
        "hashed_secret": "37921ea320d32cd8973fd1792ae2a58e7b9dd4d6",
        "is_secret": false,
        "is_verified": false,
        "line_number": 807,
        "type": "Secret Keyword"
      },
      {
        "filename": "tests\\integration\\web\\test_diagnostics.py",
        "hashed_secret": "edf38d174837919ebd08f9b28f3deabef300e033",
        "is_secret": false,
        "is_verified": false,
        "line_number": 967,
        "type": "Secret Keyword"
      }
    ],
    "tests\\integration\\web\\test_load_recovery.py": [
      {
        "filename": "tests\\integration\\web\\test_load_recovery.py",
        "hashed_secret": "91b5c0a6d4701fe02dc3b4eb37df29c5719a9ec6",
        "is_secret": false,
        "is_verified": false,
        "line_number": 301,
        "type": "Secret Keyword"
      }
    ],
    "tests\\integration\\web\\test_production_readiness.py": [
      {
        "filename": "tests\\integration\\web\\test_production_readiness.py",
        "hashed_secret": "f06639c863807a18d232820e4a60d4539a03a5c0",
        "is_secret": false,
        "is_verified": false,
        "line_number": 158,
        "type": "Secret Keyword"
      },
      {
        "filename": "tests\\integration\\web\\test_production_readiness.py",
        "hashed_secret": "c4d26a43766105db6874f6755821ec9ef27c373e",
        "is_secret": false,
        "is_verified": false,
        "line_number": 216,
        "type": "Secret Keyword"
      }
    ],
    "tests\\integration\\web\\test_recipe_comparison_recovery.py": [
      {
        "filename": "tests\\integration\\web\\test_recipe_comparison_recovery.py",
        "hashed_secret": "473c1c741175e08d84ee2a4809288c39a4bb1b2a",
        "is_secret": false,
        "is_verified": false,
        "line_number": 99,
        "type": "Secret Keyword"
      },
      {
        "filename": "tests\\integration\\web\\test_recipe_comparison_recovery.py",
        "hashed_secret": "fcbdc4c271c889825d8338d2d8f10b6e5e95c171",
        "is_secret": false,
        "is_verified": false,
        "line_number": 100,
        "type": "Secret Keyword"
      }
    ],
    "tests\\integration\\web\\test_review_workflow.py": [
      {
        "filename": "tests\\integration\\web\\test_review_workflow.py",
        "hashed_secret": "fe6162365181c241a26907e73fc2646adef78d3b",
        "is_secret": false,
        "is_verified": false,
        "line_number": 62,
        "type": "Secret Keyword"
      },
      {
        "filename": "tests\\integration\\web\\test_review_workflow.py",
        "hashed_secret": "fcbdc4c271c889825d8338d2d8f10b6e5e95c171",
        "is_secret": false,
        "is_verified": false,
        "line_number": 63,
        "type": "Secret Keyword"
      }
    ],
    "tests\\integration\\web\\test_source_workflow.py": [
      {
        "filename": "tests\\integration\\web\\test_source_workflow.py",
        "hashed_secret": "8d63f415b4f68f7e7758ebd5e28ddd6065b90948",
        "is_secret": false,
        "is_verified": false,
        "line_number": 249,
        "type": "Secret Keyword"
      },
      {
        "filename": "tests\\integration\\web\\test_source_workflow.py",
        "hashed_secret": "cb76d299243a63c99920bc1467ec1e3f9fb538d6",
        "is_secret": false,
        "is_verified": false,
        "line_number": 422,
        "type": "Secret Keyword"
      },
      {
        "filename": "tests\\integration\\web\\test_source_workflow.py",
        "hashed_secret": "ae804546e0bc974ddad4c09a24ee2e83d4cfd8fc",
        "is_secret": false,
        "is_verified": false,
        "line_number": 667,
        "type": "Secret Keyword"
      },
      {
        "filename": "tests\\integration\\web\\test_source_workflow.py",
        "hashed_secret": "fcbdc4c271c889825d8338d2d8f10b6e5e95c171",
        "is_secret": false,
        "is_verified": false,
        "line_number": 668,
        "type": "Secret Keyword"
      }
    ],
    "tests\\integration\\web\\test_target_workflow.py": [
      {
        "filename": "tests\\integration\\web\\test_target_workflow.py",
        "hashed_secret": "c01ecfd8d582ba44c5be9b5d34a6a2ead18f2d81",
        "is_secret": false,
        "is_verified": false,
        "line_number": 64,
        "type": "Secret Keyword"
      },
      {
        "filename": "tests\\integration\\web\\test_target_workflow.py",
        "hashed_secret": "9d2b0515322fe058758ad3c6dd1c42ab50d74b66",
        "is_secret": false,
        "is_verified": false,
        "line_number": 234,
        "type": "Secret Keyword"
      },
      {
        "filename": "tests\\integration\\web\\test_target_workflow.py",
        "hashed_secret": "a64c89f2592b4dcccad86640cb7e063cc91e171e",
        "is_secret": false,
        "is_verified": false,
        "line_number": 235,
        "type": "Secret Keyword"
      },
      {
        "filename": "tests\\integration\\web\\test_target_workflow.py",
        "hashed_secret": "77d79dd2682c1bff343d4b2e54ca5dd1b8fd8c92",
        "is_secret": false,
        "is_verified": false,
        "line_number": 368,
        "type": "Secret Keyword"
      },
      {
        "filename": "tests\\integration\\web\\test_target_workflow.py",
        "hashed_secret": "a5da0a9d2081b7e10d1583d9456dce184aea8d05",
        "is_secret": false,
        "is_verified": false,
        "line_number": 947,
        "type": "Secret Keyword"
      }
    ],
    "tests\\support\\browser_scenarios.py": [
      {
        "filename": "tests\\support\\browser_scenarios.py",
        "hashed_secret": "edf38d174837919ebd08f9b28f3deabef300e033",
        "is_secret": false,
        "is_verified": false,
        "line_number": 659,
        "type": "Secret Keyword"
      }
    ]
  },
  "version": "1.5.0"
}
